2026-01-22 19:48:00,894 - model_loader - INFO - ModelManager initialized with device: cpu
2026-01-22 19:48:00,896 - __main__ - INFO - Starting ECG Digitization Service...
2026-01-22 19:48:00,896 - __main__ - INFO - Model path: C:\Users\aayus\Desktop\MP\checkpoints\best_model.pth
2026-01-22 19:48:00,897 - __main__ - INFO - Upload folder: uploads
2026-01-22 19:48:00,897 - model_loader - INFO - Loading model from: C:\Users\aayus\Desktop\MP\checkpoints\best_model.pth
2026-01-22 19:48:00,986 - model_loader - ERROR - Failed to load model: Can't get attribute 'ECGDigitizationConfig' on <module '__main__' from 'C:\\Users\\aayus\\Desktop\\MP\\flask_backend\\app.py'>
2026-01-22 19:48:00,986 - __main__ - ERROR - Failed to load model: Can't get attribute 'ECGDigitizationConfig' on <module '__main__' from 'C:\\Users\\aayus\\Desktop\\MP\\flask_backend\\app.py'>
2026-01-22 19:48:58,027 - model_loader - INFO - ModelManager initialized with device: cpu
2026-01-22 19:48:58,029 - __main__ - INFO - Starting ECG Digitization Service...
2026-01-22 19:48:58,029 - __main__ - INFO - Model path: C:\Users\aayus\Desktop\MP\checkpoints\best_model.pth
2026-01-22 19:48:58,029 - __main__ - INFO - Upload folder: uploads
2026-01-22 19:48:58,029 - model_loader - INFO - Loading model from: C:\Users\aayus\Desktop\MP\checkpoints\best_model.pth
2026-01-22 19:48:58,086 - model_loader - WARNING - Failed to load with weights_only=False, trying pickle_module workaround: Can't get attribute 'ECGDigitizationConfig' on <module '__main__' from 'C:\\Users\\aayus\\Desktop\\MP\\flask_backend\\app.py'>
2026-01-22 19:48:58,184 - model_loader - ERROR - Failed to load model: Error(s) in loading state_dict for ECGDigitizationModel:
	Missing key(s) in state_dict: "encoder.0.weight", "encoder.0.bias", "encoder.1.weight", "encoder.1.bias", "encoder.1.running_mean", "encoder.1.running_var", "encoder.4.0.weight", "encoder.4.0.bias", "encoder.4.1.weight", "encoder.4.1.bias", "encoder.4.1.running_mean", "encoder.4.1.running_var", "encoder.4.3.weight", "encoder.4.3.bias", "encoder.4.4.weight", "encoder.4.4.bias", "encoder.4.4.running_mean", "encoder.4.4.running_var", "encoder.5.0.weight", "encoder.5.0.bias", "encoder.5.1.weight", "encoder.5.1.bias", "encoder.5.1.running_mean", "encoder.5.1.running_var", "encoder.5.3.weight", "encoder.5.3.bias", "encoder.5.4.weight", "encoder.5.4.bias", "encoder.5.4.running_mean", "encoder.5.4.running_var", "encoder.6.0.weight", "encoder.6.0.bias", "encoder.6.1.weight", "encoder.6.1.bias", "encoder.6.1.running_mean", "encoder.6.1.running_var", "encoder.6.3.weight", "encoder.6.3.bias", "encoder.6.4.weight", "encoder.6.4.bias", "encoder.6.4.running_mean", "encoder.6.4.running_var", "lstm.weight_ih_l0", "lstm.weight_hh_l0", "lstm.bias_ih_l0", "lstm.bias_hh_l0", "lstm.weight_ih_l0_reverse", "lstm.weight_hh_l0_reverse", "lstm.bias_ih_l0_reverse", "lstm.bias_hh_l0_reverse", "fc.weight", "fc.bias". 
	Unexpected key(s) in state_dict: "backbone.features.0.weight", "backbone.features.0.bias", "backbone.features.1.weight", "backbone.features.1.bias", "backbone.features.1.running_mean", "backbone.features.1.running_var", "backbone.features.1.num_batches_tracked", "backbone.features.4.weight", "backbone.features.4.bias", "backbone.features.5.weight", "backbone.features.5.bias", "backbone.features.5.running_mean", "backbone.features.5.running_var", "backbone.features.5.num_batches_tracked", "backbone.features.8.weight", "backbone.features.8.bias", "backbone.features.9.weight", "backbone.features.9.bias", "backbone.features.9.running_mean", "backbone.features.9.running_var", "backbone.features.9.num_batches_tracked", "backbone.features.12.weight", "backbone.features.12.bias", "backbone.features.13.weight", "backbone.features.13.bias", "backbone.features.13.running_mean", "backbone.features.13.running_var", "backbone.features.13.num_batches_tracked", "feature_projection.1.weight", "feature_projection.1.bias", "feature_projection.4.weight", "feature_projection.4.bias", "sequence_decoder.weight_ih_l0", "sequence_decoder.weight_hh_l0", "sequence_decoder.bias_ih_l0", "sequence_decoder.bias_hh_l0", "sequence_decoder.weight_ih_l0_reverse", "sequence_decoder.weight_hh_l0_reverse", "sequence_decoder.bias_ih_l0_reverse", "sequence_decoder.bias_hh_l0_reverse", "lead_projectors.0.weight", "lead_projectors.0.bias", "lead_projectors.1.weight", "lead_projectors.1.bias", "lead_projectors.2.weight", "lead_projectors.2.bias", "lead_projectors.3.weight", "lead_projectors.3.bias", "lead_projectors.4.weight", "lead_projectors.4.bias", "lead_projectors.5.weight", "lead_projectors.5.bias", "lead_projectors.6.weight", "lead_projectors.6.bias", "lead_projectors.7.weight", "lead_projectors.7.bias", "lead_projectors.8.weight", "lead_projectors.8.bias", "lead_projectors.9.weight", "lead_projectors.9.bias", "lead_projectors.10.weight", "lead_projectors.10.bias", "lead_projectors.11.weight", "lead_projectors.11.bias", "lead_attention.in_proj_weight", "lead_attention.in_proj_bias", "lead_attention.out_proj.weight", "lead_attention.out_proj.bias", "final_projection.0.weight", "final_projection.0.bias", "final_projection.2.weight", "final_projection.2.bias". 
2026-01-22 19:48:58,186 - model_loader - ERROR - Traceback (most recent call last):
  File "C:\Users\aayus\Desktop\MP\flask_backend\model_loader.py", line 137, in load_model
    self.model.load_state_dict(checkpoint['model_state_dict'])
  File "C:\Users\aayus\AppData\Roaming\Python\Python310\site-packages\torch\nn\modules\module.py", line 2041, in load_state_dict
    raise RuntimeError('Error(s) in loading state_dict for {}:\n\t{}'.format(
RuntimeError: Error(s) in loading state_dict for ECGDigitizationModel:
	Missing key(s) in state_dict: "encoder.0.weight", "encoder.0.bias", "encoder.1.weight", "encoder.1.bias", "encoder.1.running_mean", "encoder.1.running_var", "encoder.4.0.weight", "encoder.4.0.bias", "encoder.4.1.weight", "encoder.4.1.bias", "encoder.4.1.running_mean", "encoder.4.1.running_var", "encoder.4.3.weight", "encoder.4.3.bias", "encoder.4.4.weight", "encoder.4.4.bias", "encoder.4.4.running_mean", "encoder.4.4.running_var", "encoder.5.0.weight", "encoder.5.0.bias", "encoder.5.1.weight", "encoder.5.1.bias", "encoder.5.1.running_mean", "encoder.5.1.running_var", "encoder.5.3.weight", "encoder.5.3.bias", "encoder.5.4.weight", "encoder.5.4.bias", "encoder.5.4.running_mean", "encoder.5.4.running_var", "encoder.6.0.weight", "encoder.6.0.bias", "encoder.6.1.weight", "encoder.6.1.bias", "encoder.6.1.running_mean", "encoder.6.1.running_var", "encoder.6.3.weight", "encoder.6.3.bias", "encoder.6.4.weight", "encoder.6.4.bias", "encoder.6.4.running_mean", "encoder.6.4.running_var", "lstm.weight_ih_l0", "lstm.weight_hh_l0", "lstm.bias_ih_l0", "lstm.bias_hh_l0", "lstm.weight_ih_l0_reverse", "lstm.weight_hh_l0_reverse", "lstm.bias_ih_l0_reverse", "lstm.bias_hh_l0_reverse", "fc.weight", "fc.bias". 
	Unexpected key(s) in state_dict: "backbone.features.0.weight", "backbone.features.0.bias", "backbone.features.1.weight", "backbone.features.1.bias", "backbone.features.1.running_mean", "backbone.features.1.running_var", "backbone.features.1.num_batches_tracked", "backbone.features.4.weight", "backbone.features.4.bias", "backbone.features.5.weight", "backbone.features.5.bias", "backbone.features.5.running_mean", "backbone.features.5.running_var", "backbone.features.5.num_batches_tracked", "backbone.features.8.weight", "backbone.features.8.bias", "backbone.features.9.weight", "backbone.features.9.bias", "backbone.features.9.running_mean", "backbone.features.9.running_var", "backbone.features.9.num_batches_tracked", "backbone.features.12.weight", "backbone.features.12.bias", "backbone.features.13.weight", "backbone.features.13.bias", "backbone.features.13.running_mean", "backbone.features.13.running_var", "backbone.features.13.num_batches_tracked", "feature_projection.1.weight", "feature_projection.1.bias", "feature_projection.4.weight", "feature_projection.4.bias", "sequence_decoder.weight_ih_l0", "sequence_decoder.weight_hh_l0", "sequence_decoder.bias_ih_l0", "sequence_decoder.bias_hh_l0", "sequence_decoder.weight_ih_l0_reverse", "sequence_decoder.weight_hh_l0_reverse", "sequence_decoder.bias_ih_l0_reverse", "sequence_decoder.bias_hh_l0_reverse", "lead_projectors.0.weight", "lead_projectors.0.bias", "lead_projectors.1.weight", "lead_projectors.1.bias", "lead_projectors.2.weight", "lead_projectors.2.bias", "lead_projectors.3.weight", "lead_projectors.3.bias", "lead_projectors.4.weight", "lead_projectors.4.bias", "lead_projectors.5.weight", "lead_projectors.5.bias", "lead_projectors.6.weight", "lead_projectors.6.bias", "lead_projectors.7.weight", "lead_projectors.7.bias", "lead_projectors.8.weight", "lead_projectors.8.bias", "lead_projectors.9.weight", "lead_projectors.9.bias", "lead_projectors.10.weight", "lead_projectors.10.bias", "lead_projectors.11.weight", "lead_projectors.11.bias", "lead_attention.in_proj_weight", "lead_attention.in_proj_bias", "lead_attention.out_proj.weight", "lead_attention.out_proj.bias", "final_projection.0.weight", "final_projection.0.bias", "final_projection.2.weight", "final_projection.2.bias". 

2026-01-22 19:48:58,186 - __main__ - ERROR - Failed to load model: Error(s) in loading state_dict for ECGDigitizationModel:
	Missing key(s) in state_dict: "encoder.0.weight", "encoder.0.bias", "encoder.1.weight", "encoder.1.bias", "encoder.1.running_mean", "encoder.1.running_var", "encoder.4.0.weight", "encoder.4.0.bias", "encoder.4.1.weight", "encoder.4.1.bias", "encoder.4.1.running_mean", "encoder.4.1.running_var", "encoder.4.3.weight", "encoder.4.3.bias", "encoder.4.4.weight", "encoder.4.4.bias", "encoder.4.4.running_mean", "encoder.4.4.running_var", "encoder.5.0.weight", "encoder.5.0.bias", "encoder.5.1.weight", "encoder.5.1.bias", "encoder.5.1.running_mean", "encoder.5.1.running_var", "encoder.5.3.weight", "encoder.5.3.bias", "encoder.5.4.weight", "encoder.5.4.bias", "encoder.5.4.running_mean", "encoder.5.4.running_var", "encoder.6.0.weight", "encoder.6.0.bias", "encoder.6.1.weight", "encoder.6.1.bias", "encoder.6.1.running_mean", "encoder.6.1.running_var", "encoder.6.3.weight", "encoder.6.3.bias", "encoder.6.4.weight", "encoder.6.4.bias", "encoder.6.4.running_mean", "encoder.6.4.running_var", "lstm.weight_ih_l0", "lstm.weight_hh_l0", "lstm.bias_ih_l0", "lstm.bias_hh_l0", "lstm.weight_ih_l0_reverse", "lstm.weight_hh_l0_reverse", "lstm.bias_ih_l0_reverse", "lstm.bias_hh_l0_reverse", "fc.weight", "fc.bias". 
	Unexpected key(s) in state_dict: "backbone.features.0.weight", "backbone.features.0.bias", "backbone.features.1.weight", "backbone.features.1.bias", "backbone.features.1.running_mean", "backbone.features.1.running_var", "backbone.features.1.num_batches_tracked", "backbone.features.4.weight", "backbone.features.4.bias", "backbone.features.5.weight", "backbone.features.5.bias", "backbone.features.5.running_mean", "backbone.features.5.running_var", "backbone.features.5.num_batches_tracked", "backbone.features.8.weight", "backbone.features.8.bias", "backbone.features.9.weight", "backbone.features.9.bias", "backbone.features.9.running_mean", "backbone.features.9.running_var", "backbone.features.9.num_batches_tracked", "backbone.features.12.weight", "backbone.features.12.bias", "backbone.features.13.weight", "backbone.features.13.bias", "backbone.features.13.running_mean", "backbone.features.13.running_var", "backbone.features.13.num_batches_tracked", "feature_projection.1.weight", "feature_projection.1.bias", "feature_projection.4.weight", "feature_projection.4.bias", "sequence_decoder.weight_ih_l0", "sequence_decoder.weight_hh_l0", "sequence_decoder.bias_ih_l0", "sequence_decoder.bias_hh_l0", "sequence_decoder.weight_ih_l0_reverse", "sequence_decoder.weight_hh_l0_reverse", "sequence_decoder.bias_ih_l0_reverse", "sequence_decoder.bias_hh_l0_reverse", "lead_projectors.0.weight", "lead_projectors.0.bias", "lead_projectors.1.weight", "lead_projectors.1.bias", "lead_projectors.2.weight", "lead_projectors.2.bias", "lead_projectors.3.weight", "lead_projectors.3.bias", "lead_projectors.4.weight", "lead_projectors.4.bias", "lead_projectors.5.weight", "lead_projectors.5.bias", "lead_projectors.6.weight", "lead_projectors.6.bias", "lead_projectors.7.weight", "lead_projectors.7.bias", "lead_projectors.8.weight", "lead_projectors.8.bias", "lead_projectors.9.weight", "lead_projectors.9.bias", "lead_projectors.10.weight", "lead_projectors.10.bias", "lead_projectors.11.weight", "lead_projectors.11.bias", "lead_attention.in_proj_weight", "lead_attention.in_proj_bias", "lead_attention.out_proj.weight", "lead_attention.out_proj.bias", "final_projection.0.weight", "final_projection.0.bias", "final_projection.2.weight", "final_projection.2.bias". 
2026-01-22 19:52:31,451 - model_loader - INFO - ModelManager initialized with device: cpu
2026-01-22 19:52:31,455 - __main__ - INFO - Starting ECG Digitization Service...
2026-01-22 19:52:31,455 - __main__ - INFO - Model path: C:\Users\aayus\Desktop\MP\checkpoints\best_model.pth
2026-01-22 19:52:31,455 - __main__ - INFO - Upload folder: uploads
2026-01-22 19:52:31,456 - model_loader - INFO - Loading model from: C:\Users\aayus\Desktop\MP\checkpoints\best_model.pth
2026-01-22 19:52:31,548 - model_loader - WARNING - Failed to load with weights_only=False, trying pickle_module workaround: Can't get attribute 'ECGDigitizationConfig' on <module '__main__' from 'C:\\Users\\aayus\\Desktop\\MP\\flask_backend\\app.py'>
2026-01-22 19:52:32,565 - model_loader - ERROR - Failed to load model: Error(s) in loading state_dict for ECGDigitizationModel:
	Missing key(s) in state_dict: "sequence_decoder.weight_ih_l1", "sequence_decoder.weight_hh_l1", "sequence_decoder.bias_ih_l1", "sequence_decoder.bias_hh_l1", "sequence_decoder.weight_ih_l1_reverse", "sequence_decoder.weight_hh_l1_reverse", "sequence_decoder.bias_ih_l1_reverse", "sequence_decoder.bias_hh_l1_reverse". 
	size mismatch for feature_projection.1.weight: copying a param with shape torch.Size([1024, 8192]) from checkpoint, the shape in current model is torch.Size([1024, 131072]).
	size mismatch for sequence_decoder.weight_ih_l0: copying a param with shape torch.Size([512, 512]) from checkpoint, the shape in current model is torch.Size([1024, 512]).
	size mismatch for sequence_decoder.weight_hh_l0: copying a param with shape torch.Size([512, 128]) from checkpoint, the shape in current model is torch.Size([1024, 256]).
	size mismatch for sequence_decoder.bias_ih_l0: copying a param with shape torch.Size([512]) from checkpoint, the shape in current model is torch.Size([1024]).
	size mismatch for sequence_decoder.bias_hh_l0: copying a param with shape torch.Size([512]) from checkpoint, the shape in current model is torch.Size([1024]).
	size mismatch for sequence_decoder.weight_ih_l0_reverse: copying a param with shape torch.Size([512, 512]) from checkpoint, the shape in current model is torch.Size([1024, 512]).
	size mismatch for sequence_decoder.weight_hh_l0_reverse: copying a param with shape torch.Size([512, 128]) from checkpoint, the shape in current model is torch.Size([1024, 256]).
	size mismatch for sequence_decoder.bias_ih_l0_reverse: copying a param with shape torch.Size([512]) from checkpoint, the shape in current model is torch.Size([1024]).
	size mismatch for sequence_decoder.bias_hh_l0_reverse: copying a param with shape torch.Size([512]) from checkpoint, the shape in current model is torch.Size([1024]).
	size mismatch for lead_projectors.0.weight: copying a param with shape torch.Size([1, 256]) from checkpoint, the shape in current model is torch.Size([1, 512]).
	size mismatch for lead_projectors.1.weight: copying a param with shape torch.Size([1, 256]) from checkpoint, the shape in current model is torch.Size([1, 512]).
	size mismatch for lead_projectors.2.weight: copying a param with shape torch.Size([1, 256]) from checkpoint, the shape in current model is torch.Size([1, 512]).
	size mismatch for lead_projectors.3.weight: copying a param with shape torch.Size([1, 256]) from checkpoint, the shape in current model is torch.Size([1, 512]).
	size mismatch for lead_projectors.4.weight: copying a param with shape torch.Size([1, 256]) from checkpoint, the shape in current model is torch.Size([1, 512]).
	size mismatch for lead_projectors.5.weight: copying a param with shape torch.Size([1, 256]) from checkpoint, the shape in current model is torch.Size([1, 512]).
	size mismatch for lead_projectors.6.weight: copying a param with shape torch.Size([1, 256]) from checkpoint, the shape in current model is torch.Size([1, 512]).
	size mismatch for lead_projectors.7.weight: copying a param with shape torch.Size([1, 256]) from checkpoint, the shape in current model is torch.Size([1, 512]).
	size mismatch for lead_projectors.8.weight: copying a param with shape torch.Size([1, 256]) from checkpoint, the shape in current model is torch.Size([1, 512]).
	size mismatch for lead_projectors.9.weight: copying a param with shape torch.Size([1, 256]) from checkpoint, the shape in current model is torch.Size([1, 512]).
	size mismatch for lead_projectors.10.weight: copying a param with shape torch.Size([1, 256]) from checkpoint, the shape in current model is torch.Size([1, 512]).
	size mismatch for lead_projectors.11.weight: copying a param with shape torch.Size([1, 256]) from checkpoint, the shape in current model is torch.Size([1, 512]).
	size mismatch for lead_attention.in_proj_weight: copying a param with shape torch.Size([768, 256]) from checkpoint, the shape in current model is torch.Size([1536, 512]).
	size mismatch for lead_attention.in_proj_bias: copying a param with shape torch.Size([768]) from checkpoint, the shape in current model is torch.Size([1536]).
	size mismatch for lead_attention.out_proj.weight: copying a param with shape torch.Size([256, 256]) from checkpoint, the shape in current model is torch.Size([512, 512]).
	size mismatch for lead_attention.out_proj.bias: copying a param with shape torch.Size([256]) from checkpoint, the shape in current model is torch.Size([512]).
	size mismatch for final_projection.0.weight: copying a param with shape torch.Size([128, 256]) from checkpoint, the shape in current model is torch.Size([128, 512]).
2026-01-22 19:52:32,569 - model_loader - ERROR - Traceback (most recent call last):
  File "C:\Users\aayus\Desktop\MP\flask_backend\model_loader.py", line 184, in load_model
    self.model.load_state_dict(checkpoint['model_state_dict'])
  File "C:\Users\aayus\AppData\Roaming\Python\Python310\site-packages\torch\nn\modules\module.py", line 2041, in load_state_dict
    raise RuntimeError('Error(s) in loading state_dict for {}:\n\t{}'.format(
RuntimeError: Error(s) in loading state_dict for ECGDigitizationModel:
	Missing key(s) in state_dict: "sequence_decoder.weight_ih_l1", "sequence_decoder.weight_hh_l1", "sequence_decoder.bias_ih_l1", "sequence_decoder.bias_hh_l1", "sequence_decoder.weight_ih_l1_reverse", "sequence_decoder.weight_hh_l1_reverse", "sequence_decoder.bias_ih_l1_reverse", "sequence_decoder.bias_hh_l1_reverse". 
	size mismatch for feature_projection.1.weight: copying a param with shape torch.Size([1024, 8192]) from checkpoint, the shape in current model is torch.Size([1024, 131072]).
	size mismatch for sequence_decoder.weight_ih_l0: copying a param with shape torch.Size([512, 512]) from checkpoint, the shape in current model is torch.Size([1024, 512]).
	size mismatch for sequence_decoder.weight_hh_l0: copying a param with shape torch.Size([512, 128]) from checkpoint, the shape in current model is torch.Size([1024, 256]).
	size mismatch for sequence_decoder.bias_ih_l0: copying a param with shape torch.Size([512]) from checkpoint, the shape in current model is torch.Size([1024]).
	size mismatch for sequence_decoder.bias_hh_l0: copying a param with shape torch.Size([512]) from checkpoint, the shape in current model is torch.Size([1024]).
	size mismatch for sequence_decoder.weight_ih_l0_reverse: copying a param with shape torch.Size([512, 512]) from checkpoint, the shape in current model is torch.Size([1024, 512]).
	size mismatch for sequence_decoder.weight_hh_l0_reverse: copying a param with shape torch.Size([512, 128]) from checkpoint, the shape in current model is torch.Size([1024, 256]).
	size mismatch for sequence_decoder.bias_ih_l0_reverse: copying a param with shape torch.Size([512]) from checkpoint, the shape in current model is torch.Size([1024]).
	size mismatch for sequence_decoder.bias_hh_l0_reverse: copying a param with shape torch.Size([512]) from checkpoint, the shape in current model is torch.Size([1024]).
	size mismatch for lead_projectors.0.weight: copying a param with shape torch.Size([1, 256]) from checkpoint, the shape in current model is torch.Size([1, 512]).
	size mismatch for lead_projectors.1.weight: copying a param with shape torch.Size([1, 256]) from checkpoint, the shape in current model is torch.Size([1, 512]).
	size mismatch for lead_projectors.2.weight: copying a param with shape torch.Size([1, 256]) from checkpoint, the shape in current model is torch.Size([1, 512]).
	size mismatch for lead_projectors.3.weight: copying a param with shape torch.Size([1, 256]) from checkpoint, the shape in current model is torch.Size([1, 512]).
	size mismatch for lead_projectors.4.weight: copying a param with shape torch.Size([1, 256]) from checkpoint, the shape in current model is torch.Size([1, 512]).
	size mismatch for lead_projectors.5.weight: copying a param with shape torch.Size([1, 256]) from checkpoint, the shape in current model is torch.Size([1, 512]).
	size mismatch for lead_projectors.6.weight: copying a param with shape torch.Size([1, 256]) from checkpoint, the shape in current model is torch.Size([1, 512]).
	size mismatch for lead_projectors.7.weight: copying a param with shape torch.Size([1, 256]) from checkpoint, the shape in current model is torch.Size([1, 512]).
	size mismatch for lead_projectors.8.weight: copying a param with shape torch.Size([1, 256]) from checkpoint, the shape in current model is torch.Size([1, 512]).
	size mismatch for lead_projectors.9.weight: copying a param with shape torch.Size([1, 256]) from checkpoint, the shape in current model is torch.Size([1, 512]).
	size mismatch for lead_projectors.10.weight: copying a param with shape torch.Size([1, 256]) from checkpoint, the shape in current model is torch.Size([1, 512]).
	size mismatch for lead_projectors.11.weight: copying a param with shape torch.Size([1, 256]) from checkpoint, the shape in current model is torch.Size([1, 512]).
	size mismatch for lead_attention.in_proj_weight: copying a param with shape torch.Size([768, 256]) from checkpoint, the shape in current model is torch.Size([1536, 512]).
	size mismatch for lead_attention.in_proj_bias: copying a param with shape torch.Size([768]) from checkpoint, the shape in current model is torch.Size([1536]).
	size mismatch for lead_attention.out_proj.weight: copying a param with shape torch.Size([256, 256]) from checkpoint, the shape in current model is torch.Size([512, 512]).
	size mismatch for lead_attention.out_proj.bias: copying a param with shape torch.Size([256]) from checkpoint, the shape in current model is torch.Size([512]).
	size mismatch for final_projection.0.weight: copying a param with shape torch.Size([128, 256]) from checkpoint, the shape in current model is torch.Size([128, 512]).

2026-01-22 19:52:32,571 - __main__ - ERROR - Failed to load model: Error(s) in loading state_dict for ECGDigitizationModel:
	Missing key(s) in state_dict: "sequence_decoder.weight_ih_l1", "sequence_decoder.weight_hh_l1", "sequence_decoder.bias_ih_l1", "sequence_decoder.bias_hh_l1", "sequence_decoder.weight_ih_l1_reverse", "sequence_decoder.weight_hh_l1_reverse", "sequence_decoder.bias_ih_l1_reverse", "sequence_decoder.bias_hh_l1_reverse". 
	size mismatch for feature_projection.1.weight: copying a param with shape torch.Size([1024, 8192]) from checkpoint, the shape in current model is torch.Size([1024, 131072]).
	size mismatch for sequence_decoder.weight_ih_l0: copying a param with shape torch.Size([512, 512]) from checkpoint, the shape in current model is torch.Size([1024, 512]).
	size mismatch for sequence_decoder.weight_hh_l0: copying a param with shape torch.Size([512, 128]) from checkpoint, the shape in current model is torch.Size([1024, 256]).
	size mismatch for sequence_decoder.bias_ih_l0: copying a param with shape torch.Size([512]) from checkpoint, the shape in current model is torch.Size([1024]).
	size mismatch for sequence_decoder.bias_hh_l0: copying a param with shape torch.Size([512]) from checkpoint, the shape in current model is torch.Size([1024]).
	size mismatch for sequence_decoder.weight_ih_l0_reverse: copying a param with shape torch.Size([512, 512]) from checkpoint, the shape in current model is torch.Size([1024, 512]).
	size mismatch for sequence_decoder.weight_hh_l0_reverse: copying a param with shape torch.Size([512, 128]) from checkpoint, the shape in current model is torch.Size([1024, 256]).
	size mismatch for sequence_decoder.bias_ih_l0_reverse: copying a param with shape torch.Size([512]) from checkpoint, the shape in current model is torch.Size([1024]).
	size mismatch for sequence_decoder.bias_hh_l0_reverse: copying a param with shape torch.Size([512]) from checkpoint, the shape in current model is torch.Size([1024]).
	size mismatch for lead_projectors.0.weight: copying a param with shape torch.Size([1, 256]) from checkpoint, the shape in current model is torch.Size([1, 512]).
	size mismatch for lead_projectors.1.weight: copying a param with shape torch.Size([1, 256]) from checkpoint, the shape in current model is torch.Size([1, 512]).
	size mismatch for lead_projectors.2.weight: copying a param with shape torch.Size([1, 256]) from checkpoint, the shape in current model is torch.Size([1, 512]).
	size mismatch for lead_projectors.3.weight: copying a param with shape torch.Size([1, 256]) from checkpoint, the shape in current model is torch.Size([1, 512]).
	size mismatch for lead_projectors.4.weight: copying a param with shape torch.Size([1, 256]) from checkpoint, the shape in current model is torch.Size([1, 512]).
	size mismatch for lead_projectors.5.weight: copying a param with shape torch.Size([1, 256]) from checkpoint, the shape in current model is torch.Size([1, 512]).
	size mismatch for lead_projectors.6.weight: copying a param with shape torch.Size([1, 256]) from checkpoint, the shape in current model is torch.Size([1, 512]).
	size mismatch for lead_projectors.7.weight: copying a param with shape torch.Size([1, 256]) from checkpoint, the shape in current model is torch.Size([1, 512]).
	size mismatch for lead_projectors.8.weight: copying a param with shape torch.Size([1, 256]) from checkpoint, the shape in current model is torch.Size([1, 512]).
	size mismatch for lead_projectors.9.weight: copying a param with shape torch.Size([1, 256]) from checkpoint, the shape in current model is torch.Size([1, 512]).
	size mismatch for lead_projectors.10.weight: copying a param with shape torch.Size([1, 256]) from checkpoint, the shape in current model is torch.Size([1, 512]).
	size mismatch for lead_projectors.11.weight: copying a param with shape torch.Size([1, 256]) from checkpoint, the shape in current model is torch.Size([1, 512]).
	size mismatch for lead_attention.in_proj_weight: copying a param with shape torch.Size([768, 256]) from checkpoint, the shape in current model is torch.Size([1536, 512]).
	size mismatch for lead_attention.in_proj_bias: copying a param with shape torch.Size([768]) from checkpoint, the shape in current model is torch.Size([1536]).
	size mismatch for lead_attention.out_proj.weight: copying a param with shape torch.Size([256, 256]) from checkpoint, the shape in current model is torch.Size([512, 512]).
	size mismatch for lead_attention.out_proj.bias: copying a param with shape torch.Size([256]) from checkpoint, the shape in current model is torch.Size([512]).
	size mismatch for final_projection.0.weight: copying a param with shape torch.Size([128, 256]) from checkpoint, the shape in current model is torch.Size([128, 512]).
2026-01-22 19:53:19,692 - model_loader - INFO - ModelManager initialized with device: cpu
2026-01-22 19:53:19,695 - __main__ - INFO - Starting ECG Digitization Service...
2026-01-22 19:53:19,696 - __main__ - INFO - Model path: C:\Users\aayus\Desktop\MP\checkpoints\best_model.pth
2026-01-22 19:53:19,696 - __main__ - INFO - Upload folder: uploads
2026-01-22 19:53:19,697 - model_loader - INFO - Loading model from: C:\Users\aayus\Desktop\MP\checkpoints\best_model.pth
2026-01-22 19:53:19,788 - model_loader - WARNING - Failed to load with weights_only=False, trying pickle_module workaround: Can't get attribute 'ECGDigitizationConfig' on <module '__main__' from 'C:\\Users\\aayus\\Desktop\\MP\\flask_backend\\app.py'>
2026-01-22 19:53:19,985 - model_loader - ERROR - Failed to load model: Error(s) in loading state_dict for ECGDigitizationModel:
	Missing key(s) in state_dict: "backbone.features.16.weight", "backbone.features.16.bias", "backbone.features.17.weight", "backbone.features.17.bias", "backbone.features.17.running_mean", "backbone.features.17.running_var", "backbone.features.20.weight", "backbone.features.20.bias", "backbone.features.21.weight", "backbone.features.21.bias", "backbone.features.21.running_mean", "backbone.features.21.running_var". 
2026-01-22 19:53:19,987 - model_loader - ERROR - Traceback (most recent call last):
  File "C:\Users\aayus\Desktop\MP\flask_backend\model_loader.py", line 195, in load_model
    self.model.load_state_dict(checkpoint['model_state_dict'])
  File "C:\Users\aayus\AppData\Roaming\Python\Python310\site-packages\torch\nn\modules\module.py", line 2041, in load_state_dict
    raise RuntimeError('Error(s) in loading state_dict for {}:\n\t{}'.format(
RuntimeError: Error(s) in loading state_dict for ECGDigitizationModel:
	Missing key(s) in state_dict: "backbone.features.16.weight", "backbone.features.16.bias", "backbone.features.17.weight", "backbone.features.17.bias", "backbone.features.17.running_mean", "backbone.features.17.running_var", "backbone.features.20.weight", "backbone.features.20.bias", "backbone.features.21.weight", "backbone.features.21.bias", "backbone.features.21.running_mean", "backbone.features.21.running_var". 

2026-01-22 19:53:19,988 - __main__ - ERROR - Failed to load model: Error(s) in loading state_dict for ECGDigitizationModel:
	Missing key(s) in state_dict: "backbone.features.16.weight", "backbone.features.16.bias", "backbone.features.17.weight", "backbone.features.17.bias", "backbone.features.17.running_mean", "backbone.features.17.running_var", "backbone.features.20.weight", "backbone.features.20.bias", "backbone.features.21.weight", "backbone.features.21.bias", "backbone.features.21.running_mean", "backbone.features.21.running_var". 
2026-01-22 19:54:16,262 - model_loader - INFO - ModelManager initialized with device: cpu
2026-01-22 19:54:16,266 - __main__ - INFO - Starting ECG Digitization Service...
2026-01-22 19:54:16,266 - __main__ - INFO - Model path: C:\Users\aayus\Desktop\MP\checkpoints\best_model.pth
2026-01-22 19:54:16,267 - __main__ - INFO - Upload folder: uploads
2026-01-22 19:54:16,268 - model_loader - INFO - Loading model from: C:\Users\aayus\Desktop\MP\checkpoints\best_model.pth
2026-01-22 19:54:16,370 - model_loader - WARNING - Failed to load with weights_only=False, trying pickle_module workaround: Can't get attribute 'ECGDigitizationConfig' on <module '__main__' from 'C:\\Users\\aayus\\Desktop\\MP\\flask_backend\\app.py'>
2026-01-22 19:54:16,569 - model_loader - INFO - Model loaded successfully
2026-01-22 19:54:16,569 - model_loader - INFO - Model metadata: {'epoch': 17, 'val_loss': 0.2660639941692352, 'train_loss': 0.27130124624818563}
2026-01-22 19:54:16,578 - __main__ - INFO - Model loaded successfully
2026-01-22 19:54:16,612 - werkzeug - INFO - [31m[1mWARNING: This is a development server. Do not use it in a production deployment. Use a production WSGI server instead.[0m
 * Running on all addresses (0.0.0.0)
 * Running on http://127.0.0.1:5000
 * Running on http://10.3.43.46:5000
2026-01-22 19:54:16,613 - werkzeug - INFO - [33mPress CTRL+C to quit[0m
2026-01-22 19:55:39,234 - werkzeug - INFO - 127.0.0.1 - - [22/Jan/2026 19:55:39] "GET /health HTTP/1.1" 200 -
2026-01-22 19:55:39,496 - werkzeug - INFO - 127.0.0.1 - - [22/Jan/2026 19:55:39] "GET /health HTTP/1.1" 200 -
2026-01-22 19:55:39,545 - werkzeug - INFO - 127.0.0.1 - - [22/Jan/2026 19:55:39] "GET /api/v1/info HTTP/1.1" 200 -
2026-01-22 19:55:39,548 - werkzeug - INFO - 127.0.0.1 - - [22/Jan/2026 19:55:39] "GET /api/v1/info HTTP/1.1" 200 -
2026-01-22 19:56:17,593 - werkzeug - INFO - 127.0.0.1 - - [22/Jan/2026 19:56:17] "OPTIONS /api/v1/digitize HTTP/1.1" 200 -
2026-01-22 19:56:17,871 - werkzeug - INFO - 127.0.0.1 - - [22/Jan/2026 19:56:17] "[31m[1mPOST /api/v1/digitize HTTP/1.1[0m" 400 -
2026-01-22 19:56:23,946 - werkzeug - INFO - 127.0.0.1 - - [22/Jan/2026 19:56:23] "OPTIONS /api/v1/digitize HTTP/1.1" 200 -
2026-01-22 19:56:24,275 - werkzeug - INFO - 127.0.0.1 - - [22/Jan/2026 19:56:24] "[31m[1mPOST /api/v1/digitize HTTP/1.1[0m" 400 -
2026-01-22 19:56:27,932 - werkzeug - INFO - 127.0.0.1 - - [22/Jan/2026 19:56:27] "GET /health HTTP/1.1" 200 -
2026-01-22 19:56:28,306 - werkzeug - INFO - 127.0.0.1 - - [22/Jan/2026 19:56:28] "GET /health HTTP/1.1" 200 -
2026-01-22 19:56:28,312 - werkzeug - INFO - 127.0.0.1 - - [22/Jan/2026 19:56:28] "GET /api/v1/info HTTP/1.1" 200 -
2026-01-22 19:56:28,733 - werkzeug - INFO - 127.0.0.1 - - [22/Jan/2026 19:56:28] "GET /api/v1/info HTTP/1.1" 200 -
2026-01-22 19:57:22,353 - werkzeug - INFO - 127.0.0.1 - - [22/Jan/2026 19:57:22] "GET /health HTTP/1.1" 200 -
2026-01-22 19:57:22,815 - werkzeug - INFO - 127.0.0.1 - - [22/Jan/2026 19:57:22] "GET /api/v1/info HTTP/1.1" 200 -
2026-01-22 19:57:34,453 - werkzeug - INFO - 127.0.0.1 - - [22/Jan/2026 19:57:34] "GET /health HTTP/1.1" 200 -
2026-01-22 19:57:34,776 - werkzeug - INFO - 127.0.0.1 - - [22/Jan/2026 19:57:34] "GET /api/v1/info HTTP/1.1" 200 -
2026-01-22 19:57:38,352 - werkzeug - INFO - 127.0.0.1 - - [22/Jan/2026 19:57:38] "GET /health HTTP/1.1" 200 -
2026-01-22 19:57:39,132 - werkzeug - INFO - 127.0.0.1 - - [22/Jan/2026 19:57:39] "GET /health HTTP/1.1" 200 -
2026-01-22 19:57:39,308 - werkzeug - INFO - 127.0.0.1 - - [22/Jan/2026 19:57:39] "GET /api/v1/info HTTP/1.1" 200 -
2026-01-22 19:57:39,946 - werkzeug - INFO - 127.0.0.1 - - [22/Jan/2026 19:57:39] "GET /api/v1/info HTTP/1.1" 200 -
2026-01-22 19:57:53,724 - werkzeug - INFO - 127.0.0.1 - - [22/Jan/2026 19:57:53] "OPTIONS /api/v1/digitize HTTP/1.1" 200 -
2026-01-22 19:57:54,501 - __main__ - INFO - Processing request 800e4974-0f5d-4118-9896-d58ebe7f9e76 for file: AF_A0442_0.JPG
2026-01-22 19:57:54,514 - inference - INFO - [800e4974-0f5d-4118-9896-d58ebe7f9e76] Preprocessing image...
2026-01-22 19:58:04,829 - preprocessing - ERROR - Preprocessing failed: Numpy is not available
2026-01-22 19:58:04,830 - inference - ERROR - [800e4974-0f5d-4118-9896-d58ebe7f9e76] Processing failed: Numpy is not available
2026-01-22 19:58:04,856 - __main__ - ERROR - Processing error: Numpy is not available
Traceback (most recent call last):
  File "C:\Users\aayus\Desktop\MP\flask_backend\app.py", line 193, in digitize_ecg
    result = inference_engine.process_ecg_image(
  File "C:\Users\aayus\Desktop\MP\flask_backend\inference.py", line 49, in process_ecg_image
    input_tensor, preprocess_metadata = self.preprocessor.preprocess(image_path, options)
  File "C:\Users\aayus\Desktop\MP\flask_backend\preprocessing.py", line 99, in preprocess
    tensor = self.to_tensor(image_pil)
  File "C:\Users\aayus\AppData\Roaming\Python\Python310\site-packages\torchvision\transforms\transforms.py", line 137, in __call__
    return F.to_tensor(pic)
  File "C:\Users\aayus\AppData\Roaming\Python\Python310\site-packages\torchvision\transforms\functional.py", line 166, in to_tensor
    img = torch.from_numpy(np.array(pic, mode_to_nptype.get(pic.mode, np.uint8), copy=True))
RuntimeError: Numpy is not available

2026-01-22 19:58:04,857 - werkzeug - INFO - 127.0.0.1 - - [22/Jan/2026 19:58:04] "[35m[1mPOST /api/v1/digitize HTTP/1.1[0m" 500 -
2026-01-22 19:58:57,447 - werkzeug - INFO - 127.0.0.1 - - [22/Jan/2026 19:58:57] "OPTIONS /api/v1/digitize HTTP/1.1" 200 -
2026-01-22 19:58:58,475 - __main__ - INFO - Processing request f98ab70a-b38b-4fe1-b58c-78256e04aca9 for file: AF_A0442_0.JPG
2026-01-22 19:58:58,478 - inference - INFO - [f98ab70a-b38b-4fe1-b58c-78256e04aca9] Preprocessing image...
2026-01-22 19:59:04,473 - preprocessing - ERROR - Preprocessing failed: Numpy is not available
2026-01-22 19:59:04,474 - inference - ERROR - [f98ab70a-b38b-4fe1-b58c-78256e04aca9] Processing failed: Numpy is not available
2026-01-22 19:59:04,512 - __main__ - ERROR - Processing error: Numpy is not available
Traceback (most recent call last):
  File "C:\Users\aayus\Desktop\MP\flask_backend\app.py", line 193, in digitize_ecg
    result = inference_engine.process_ecg_image(
  File "C:\Users\aayus\Desktop\MP\flask_backend\inference.py", line 49, in process_ecg_image
    input_tensor, preprocess_metadata = self.preprocessor.preprocess(image_path, options)
  File "C:\Users\aayus\Desktop\MP\flask_backend\preprocessing.py", line 99, in preprocess
    image = self._correct_skew(image)
  File "C:\Users\aayus\AppData\Roaming\Python\Python310\site-packages\torchvision\transforms\transforms.py", line 137, in __call__
    return F.to_tensor(pic)
  File "C:\Users\aayus\AppData\Roaming\Python\Python310\site-packages\torchvision\transforms\functional.py", line 166, in to_tensor
    img = torch.from_numpy(np.array(pic, mode_to_nptype.get(pic.mode, np.uint8), copy=True))
RuntimeError: Numpy is not available

2026-01-22 19:59:04,515 - werkzeug - INFO - 127.0.0.1 - - [22/Jan/2026 19:59:04] "[35m[1mPOST /api/v1/digitize HTTP/1.1[0m" 500 -
2026-01-22 19:59:27,556 - model_loader - INFO - ModelManager initialized with device: cpu
2026-01-22 19:59:27,559 - __main__ - INFO - Starting ECG Digitization Service...
2026-01-22 19:59:27,560 - __main__ - INFO - Model path: C:\Users\aayus\Desktop\MP\checkpoints\best_model.pth
2026-01-22 19:59:27,560 - __main__ - INFO - Upload folder: uploads
2026-01-22 19:59:27,560 - model_loader - INFO - Loading model from: C:\Users\aayus\Desktop\MP\checkpoints\best_model.pth
2026-01-22 19:59:27,649 - model_loader - WARNING - Failed to load with weights_only=False, trying pickle_module workaround: Can't get attribute 'ECGDigitizationConfig' on <module '__main__' from 'C:\\Users\\aayus\\Desktop\\MP\\flask_backend\\app.py'>
2026-01-22 19:59:27,832 - model_loader - INFO - Model loaded successfully
2026-01-22 19:59:27,833 - model_loader - INFO - Model metadata: {'epoch': 17, 'val_loss': 0.2660639941692352, 'train_loss': 0.27130124624818563}
2026-01-22 19:59:27,842 - __main__ - INFO - Model loaded successfully
2026-01-22 19:59:27,869 - werkzeug - INFO - [31m[1mWARNING: This is a development server. Do not use it in a production deployment. Use a production WSGI server instead.[0m
 * Running on all addresses (0.0.0.0)
 * Running on http://127.0.0.1:5000
 * Running on http://10.3.43.46:5000
2026-01-22 19:59:27,870 - werkzeug - INFO - [33mPress CTRL+C to quit[0m
2026-01-22 20:00:30,844 - werkzeug - INFO - 127.0.0.1 - - [22/Jan/2026 20:00:30] "OPTIONS /api/v1/digitize HTTP/1.1" 200 -
2026-01-22 20:00:31,121 - __main__ - INFO - Processing request 1c521181-b540-4bc0-8d7f-89de3a912d1a for file: AF_A0442_0.JPG
2026-01-22 20:00:31,218 - inference - INFO - [1c521181-b540-4bc0-8d7f-89de3a912d1a] Preprocessing image...
2026-01-22 20:00:44,560 - preprocessing - ERROR - Preprocessing failed: Numpy is not available
2026-01-22 20:00:44,561 - inference - ERROR - [1c521181-b540-4bc0-8d7f-89de3a912d1a] Processing failed: Numpy is not available
2026-01-22 20:00:44,565 - __main__ - ERROR - Processing error: Numpy is not available
Traceback (most recent call last):
  File "C:\Users\aayus\Desktop\MP\flask_backend\app.py", line 193, in digitize_ecg
    result = inference_engine.process_ecg_image(
  File "C:\Users\aayus\Desktop\MP\flask_backend\inference.py", line 49, in process_ecg_image
    input_tensor, preprocess_metadata = self.preprocessor.preprocess(image_path, options)
  File "C:\Users\aayus\Desktop\MP\flask_backend\preprocessing.py", line 99, in preprocess
    image = self._correct_skew(image)
  File "C:\Users\aayus\AppData\Roaming\Python\Python310\site-packages\torchvision\transforms\transforms.py", line 137, in __call__
    return F.to_tensor(pic)
  File "C:\Users\aayus\AppData\Roaming\Python\Python310\site-packages\torchvision\transforms\functional.py", line 166, in to_tensor
    img = torch.from_numpy(np.array(pic, mode_to_nptype.get(pic.mode, np.uint8), copy=True))
RuntimeError: Numpy is not available

2026-01-22 20:00:44,568 - werkzeug - INFO - 127.0.0.1 - - [22/Jan/2026 20:00:44] "[35m[1mPOST /api/v1/digitize HTTP/1.1[0m" 500 -
2026-01-22 21:44:05,241 - model_loader - INFO - ModelManager initialized with device: cpu
2026-01-22 21:44:05,246 - __main__ - INFO - Starting ECG Digitization Service...
2026-01-22 21:44:05,246 - __main__ - INFO - Model path: C:\Users\aayus\Desktop\MP\checkpoints\best_model.pth
2026-01-22 21:44:05,247 - __main__ - INFO - Upload folder: uploads
2026-01-22 21:44:05,247 - model_loader - INFO - Loading model from: C:\Users\aayus\Desktop\MP\checkpoints\best_model.pth
2026-01-22 21:44:05,467 - model_loader - WARNING - Failed to load with weights_only=False, trying pickle_module workaround: Can't get attribute 'ECGDigitizationConfig' on <module '__main__' from 'C:\\Users\\aayus\\Desktop\\MP\\flask_backend\\app.py'>
2026-01-22 21:44:05,730 - model_loader - INFO - Model loaded successfully
2026-01-22 21:44:05,730 - model_loader - INFO - Model metadata: {'epoch': 17, 'val_loss': 0.2660639941692352, 'train_loss': 0.27130124624818563}
2026-01-22 21:44:05,750 - __main__ - INFO - Model loaded successfully
2026-01-22 21:44:05,789 - werkzeug - INFO - [31m[1mWARNING: This is a development server. Do not use it in a production deployment. Use a production WSGI server instead.[0m
 * Running on all addresses (0.0.0.0)
 * Running on http://127.0.0.1:5000
 * Running on http://10.254.106.16:5000
2026-01-22 21:44:05,789 - werkzeug - INFO - [33mPress CTRL+C to quit[0m
2026-01-22 21:47:38,995 - model_loader - INFO - ModelManager initialized with device: cpu
2026-01-22 21:47:38,996 - __main__ - INFO - Starting ECG Digitization Service...
2026-01-22 21:47:38,997 - __main__ - INFO - Model path: C:\Users\aayus\Desktop\MP\checkpoints\best_model.pth
2026-01-22 21:47:38,997 - __main__ - INFO - Upload folder: uploads
2026-01-22 21:47:38,997 - model_loader - INFO - Loading model from: C:\Users\aayus\Desktop\MP\checkpoints\best_model.pth
2026-01-22 21:47:39,098 - model_loader - WARNING - Failed to load with weights_only=False, trying pickle_module workaround: Can't get attribute 'ECGDigitizationConfig' on <module '__main__' from 'C:\\Users\\aayus\\Desktop\\MP\\flask_backend\\app.py'>
2026-01-22 21:47:39,205 - model_loader - INFO - Model loaded successfully
2026-01-22 21:47:39,205 - model_loader - INFO - Model metadata: {'epoch': 17, 'val_loss': 0.2660639941692352, 'train_loss': 0.27130124624818563}
2026-01-22 21:47:39,211 - __main__ - INFO - Model loaded successfully
2026-01-22 21:47:39,268 - werkzeug - INFO - [31m[1mWARNING: This is a development server. Do not use it in a production deployment. Use a production WSGI server instead.[0m
 * Running on all addresses (0.0.0.0)
 * Running on http://127.0.0.1:5000
 * Running on http://10.254.106.16:5000
2026-01-22 21:47:39,269 - werkzeug - INFO - [33mPress CTRL+C to quit[0m
2026-01-22 21:47:58,781 - werkzeug - INFO - 127.0.0.1 - - [22/Jan/2026 21:47:58] "GET /health HTTP/1.1" 200 -
2026-01-22 21:47:59,027 - werkzeug - INFO - 127.0.0.1 - - [22/Jan/2026 21:47:59] "GET /health HTTP/1.1" 200 -
2026-01-22 21:47:59,094 - werkzeug - INFO - 127.0.0.1 - - [22/Jan/2026 21:47:59] "GET /api/v1/info HTTP/1.1" 200 -
2026-01-22 21:47:59,097 - werkzeug - INFO - 127.0.0.1 - - [22/Jan/2026 21:47:59] "GET /api/v1/info HTTP/1.1" 200 -
2026-01-22 21:48:06,017 - werkzeug - INFO - 127.0.0.1 - - [22/Jan/2026 21:48:06] "OPTIONS /api/v1/digitize HTTP/1.1" 200 -
2026-01-22 21:48:06,289 - __main__ - INFO - Processing request 2d717455-0a5f-4fc0-b4e0-0496fb4b4a85 for file: AF_A0442_0.JPG
2026-01-22 21:48:06,291 - inference - INFO - [2d717455-0a5f-4fc0-b4e0-0496fb4b4a85] Preprocessing image...
2026-01-22 21:48:09,132 - inference - INFO - [2d717455-0a5f-4fc0-b4e0-0496fb4b4a85] Running inference...
2026-01-22 21:48:09,462 - inference - INFO - [2d717455-0a5f-4fc0-b4e0-0496fb4b4a85] Post-processing predictions...
2026-01-22 21:48:16,451 - inference - INFO - [2d717455-0a5f-4fc0-b4e0-0496fb4b4a85] Processing completed in 10.160s
2026-01-22 21:48:16,452 - __main__ - INFO - Successfully processed request 2d717455-0a5f-4fc0-b4e0-0496fb4b4a85
2026-01-22 21:48:16,540 - __main__ - ERROR - Processing error: Object of type float32 is not JSON serializable
Traceback (most recent call last):
  File "C:\Users\aayus\Desktop\MP\flask_backend\app.py", line 211, in digitize_ecg
    return create_response(
  File "C:\Users\aayus\Desktop\MP\flask_backend\app.py", line 63, in create_response
    return jsonify(response), status_code
  File "C:\Users\aayus\AppData\Roaming\Python\Python310\site-packages\flask\json\__init__.py", line 170, in jsonify
    return current_app.json.response(*args, **kwargs)  # type: ignore[return-value]
  File "C:\Users\aayus\AppData\Roaming\Python\Python310\site-packages\flask\json\provider.py", line 214, in response
    f"{self.dumps(obj, **dump_args)}\n", mimetype=self.mimetype
  File "C:\Users\aayus\AppData\Roaming\Python\Python310\site-packages\flask\json\provider.py", line 179, in dumps
    return json.dumps(obj, **kwargs)
  File "C:\Program Files\Python310\lib\json\__init__.py", line 238, in dumps
    **kw).encode(obj)
  File "C:\Program Files\Python310\lib\json\encoder.py", line 199, in encode
    chunks = self.iterencode(o, _one_shot=True)
  File "C:\Program Files\Python310\lib\json\encoder.py", line 257, in iterencode
    return _iterencode(o, 0)
  File "C:\Users\aayus\AppData\Roaming\Python\Python310\site-packages\flask\json\provider.py", line 121, in _default
    raise TypeError(f"Object of type {type(o).__name__} is not JSON serializable")
TypeError: Object of type float32 is not JSON serializable

2026-01-22 21:48:16,541 - werkzeug - INFO - 127.0.0.1 - - [22/Jan/2026 21:48:16] "[35m[1mPOST /api/v1/digitize HTTP/1.1[0m" 500 -
2026-01-22 21:51:52,431 - werkzeug - INFO - 127.0.0.1 - - [22/Jan/2026 21:51:52] "GET /health HTTP/1.1" 200 -
2026-01-22 21:51:52,699 - werkzeug - INFO - 127.0.0.1 - - [22/Jan/2026 21:51:52] "GET /health HTTP/1.1" 200 -
2026-01-22 21:51:52,745 - werkzeug - INFO - 127.0.0.1 - - [22/Jan/2026 21:51:52] "GET /api/v1/info HTTP/1.1" 200 -
2026-01-22 21:51:52,749 - werkzeug - INFO - 127.0.0.1 - - [22/Jan/2026 21:51:52] "GET /api/v1/info HTTP/1.1" 200 -
2026-01-22 21:55:57,595 - model_loader - INFO - ModelManager initialized with device: cpu
2026-01-22 21:55:57,598 - __main__ - INFO - Starting ECG Digitization Service...
2026-01-22 21:55:57,598 - __main__ - INFO - Model path: C:\Users\aayus\Desktop\MP\checkpoints\best_model.pth
2026-01-22 21:55:57,599 - __main__ - INFO - Upload folder: uploads
2026-01-22 21:55:57,599 - model_loader - INFO - Loading model from: C:\Users\aayus\Desktop\MP\checkpoints\best_model.pth
2026-01-22 21:55:57,660 - model_loader - WARNING - Failed to load with weights_only=False, trying pickle_module workaround: Can't get attribute 'ECGDigitizationConfig' on <module '__main__' from 'C:\\Users\\aayus\\Desktop\\MP\\flask_backend\\app.py'>
2026-01-22 21:55:57,778 - model_loader - INFO - Model loaded successfully
2026-01-22 21:55:57,778 - model_loader - INFO - Model metadata: {'epoch': 17, 'val_loss': 0.2660639941692352, 'train_loss': 0.27130124624818563}
2026-01-22 21:55:57,785 - __main__ - INFO - Model loaded successfully
2026-01-22 21:55:57,807 - werkzeug - INFO - [31m[1mWARNING: This is a development server. Do not use it in a production deployment. Use a production WSGI server instead.[0m
 * Running on all addresses (0.0.0.0)
 * Running on http://127.0.0.1:5000
 * Running on http://10.3.43.46:5000
2026-01-22 21:55:57,808 - werkzeug - INFO - [33mPress CTRL+C to quit[0m
2026-01-22 21:58:01,282 - werkzeug - INFO - 127.0.0.1 - - [22/Jan/2026 21:58:01] "GET /health HTTP/1.1" 200 -
2026-01-22 21:58:01,544 - werkzeug - INFO - 127.0.0.1 - - [22/Jan/2026 21:58:01] "GET /health HTTP/1.1" 200 -
2026-01-22 21:58:01,592 - werkzeug - INFO - 127.0.0.1 - - [22/Jan/2026 21:58:01] "GET /api/v1/info HTTP/1.1" 200 -
2026-01-22 21:58:01,595 - werkzeug - INFO - 127.0.0.1 - - [22/Jan/2026 21:58:01] "GET /api/v1/info HTTP/1.1" 200 -
2026-01-22 21:58:11,334 - werkzeug - INFO - 127.0.0.1 - - [22/Jan/2026 21:58:11] "OPTIONS /api/v1/digitize HTTP/1.1" 200 -
2026-01-22 21:58:11,598 - __main__ - INFO - Processing request e251c467-0201-4190-8166-78a1cc57371d for file: AF_JS01597_0.JPG
2026-01-22 21:58:11,598 - inference - INFO - [e251c467-0201-4190-8166-78a1cc57371d] Preprocessing image...
2026-01-22 21:58:14,469 - inference - INFO - [e251c467-0201-4190-8166-78a1cc57371d] Running inference...
2026-01-22 21:58:14,816 - inference - INFO - [e251c467-0201-4190-8166-78a1cc57371d] Post-processing predictions...
2026-01-22 21:58:15,955 - inference - INFO - [e251c467-0201-4190-8166-78a1cc57371d] Processing completed in 4.357s
2026-01-22 21:58:15,955 - __main__ - INFO - Successfully processed request e251c467-0201-4190-8166-78a1cc57371d
2026-01-22 21:58:15,990 - __main__ - ERROR - Processing error: Object of type float32 is not JSON serializable
Traceback (most recent call last):
  File "C:\Users\aayus\Desktop\MP\flask_backend\app.py", line 225, in digitize_ecg
    return create_response(
  File "C:\Users\aayus\Desktop\MP\flask_backend\app.py", line 77, in create_response
    return jsonify(response), status_code
  File "C:\Users\aayus\AppData\Roaming\Python\Python310\site-packages\flask\json\__init__.py", line 170, in jsonify
    return current_app.json.response(*args, **kwargs)  # type: ignore[return-value]
  File "C:\Users\aayus\AppData\Roaming\Python\Python310\site-packages\flask\json\provider.py", line 214, in response
    f"{self.dumps(obj, **dump_args)}\n", mimetype=self.mimetype
  File "C:\Users\aayus\AppData\Roaming\Python\Python310\site-packages\flask\json\provider.py", line 179, in dumps
    return json.dumps(obj, **kwargs)
  File "C:\Program Files\Python310\lib\json\__init__.py", line 238, in dumps
    **kw).encode(obj)
  File "C:\Program Files\Python310\lib\json\encoder.py", line 199, in encode
    chunks = self.iterencode(o, _one_shot=True)
  File "C:\Program Files\Python310\lib\json\encoder.py", line 257, in iterencode
    return _iterencode(o, 0)
  File "C:\Users\aayus\AppData\Roaming\Python\Python310\site-packages\flask\json\provider.py", line 121, in _default
    raise TypeError(f"Object of type {type(o).__name__} is not JSON serializable")
TypeError: Object of type float32 is not JSON serializable

2026-01-22 21:58:15,993 - werkzeug - INFO - 127.0.0.1 - - [22/Jan/2026 21:58:15] "[35m[1mPOST /api/v1/digitize HTTP/1.1[0m" 500 -
2026-01-22 22:03:12,981 - model_loader - INFO - ModelManager initialized with device: cpu
2026-01-22 22:03:12,993 - werkzeug - INFO - [31m[1mWARNING: This is a development server. Do not use it in a production deployment. Use a production WSGI server instead.[0m
 * Running on all addresses (0.0.0.0)
 * Running on http://127.0.0.1:5000
 * Running on http://10.3.43.46:5000
2026-01-22 22:03:12,994 - werkzeug - INFO - [33mPress CTRL+C to quit[0m
2026-01-22 22:06:11,358 - werkzeug - INFO - 127.0.0.1 - - [22/Jan/2026 22:06:11] "GET /health HTTP/1.1" 200 -
2026-01-22 22:06:11,623 - werkzeug - INFO - 127.0.0.1 - - [22/Jan/2026 22:06:11] "GET /health HTTP/1.1" 200 -
2026-01-22 22:06:11,671 - werkzeug - INFO - 127.0.0.1 - - [22/Jan/2026 22:06:11] "GET /api/v1/info HTTP/1.1" 200 -
2026-01-22 22:06:11,673 - werkzeug - INFO - 127.0.0.1 - - [22/Jan/2026 22:06:11] "GET /api/v1/info HTTP/1.1" 200 -
2026-01-22 22:06:16,429 - werkzeug - INFO - 127.0.0.1 - - [22/Jan/2026 22:06:16] "OPTIONS /api/v1/digitize HTTP/1.1" 200 -
2026-01-22 22:06:16,690 - app - INFO - Processing request 396c9f49-73d9-4c8b-8ae2-826cc046be22 for file: AF_JS07729_0.JPG
2026-01-22 22:06:16,690 - inference - INFO - [396c9f49-73d9-4c8b-8ae2-826cc046be22] Preprocessing image...
2026-01-22 22:06:19,293 - inference - INFO - [396c9f49-73d9-4c8b-8ae2-826cc046be22] Running inference...
2026-01-22 22:06:19,294 - inference - ERROR - [396c9f49-73d9-4c8b-8ae2-826cc046be22] Processing failed: Model not loaded
2026-01-22 22:06:19,356 - app - ERROR - Processing error: Model not loaded
Traceback (most recent call last):
  File "C:\Users\aayus\Desktop\MP\flask_backend\app.py", line 208, in digitize_ecg
    result = inference_engine.process_ecg_image(
  File "C:\Users\aayus\Desktop\MP\flask_backend\inference.py", line 53, in process_ecg_image
    predictions = self.model_manager.predict(input_tensor)
  File "C:\Users\aayus\AppData\Roaming\Python\Python310\site-packages\torch\utils\_contextlib.py", line 115, in decorate_context
    return func(*args, **kwargs)
  File "C:\Users\aayus\Desktop\MP\flask_backend\model_loader.py", line 264, in predict
    raise RuntimeError("Model not loaded")
RuntimeError: Model not loaded

2026-01-22 22:06:19,358 - werkzeug - INFO - 127.0.0.1 - - [22/Jan/2026 22:06:19] "[35m[1mPOST /api/v1/digitize HTTP/1.1[0m" 500 -
2026-01-22 22:13:31,368 - model_loader - INFO - ModelManager initialized with device: cpu
2026-01-22 22:13:31,369 - __main__ - INFO - Starting ECG Digitization Service...
2026-01-22 22:13:31,369 - __main__ - INFO - Model path: C:\Users\aayus\Desktop\MP\checkpoints\best_model.pth
2026-01-22 22:13:31,369 - __main__ - INFO - Upload folder: uploads
2026-01-22 22:13:31,369 - model_loader - INFO - Loading model from: C:\Users\aayus\Desktop\MP\checkpoints\best_model.pth
2026-01-22 22:13:31,429 - model_loader - WARNING - Failed to load with weights_only=False, trying pickle_module workaround: Can't get attribute 'ECGDigitizationConfig' on <module '__main__' from 'C:\\Users\\aayus\\Desktop\\MP\\flask_backend\\app.py'>
2026-01-22 22:13:31,554 - model_loader - INFO - Model loaded successfully
2026-01-22 22:13:31,555 - model_loader - INFO - Model metadata: {'epoch': 17, 'val_loss': 0.2660639941692352, 'train_loss': 0.27130124624818563}
2026-01-22 22:13:31,561 - __main__ - INFO - Model loaded successfully
2026-01-22 22:13:31,583 - werkzeug - INFO - [31m[1mWARNING: This is a development server. Do not use it in a production deployment. Use a production WSGI server instead.[0m
 * Running on all addresses (0.0.0.0)
 * Running on http://127.0.0.1:5000
 * Running on http://10.3.43.46:5000
2026-01-22 22:13:31,584 - werkzeug - INFO - [33mPress CTRL+C to quit[0m
2026-01-22 22:15:15,024 - werkzeug - INFO - 127.0.0.1 - - [22/Jan/2026 22:15:15] "GET /health HTTP/1.1" 200 -
2026-01-22 22:15:15,287 - werkzeug - INFO - 127.0.0.1 - - [22/Jan/2026 22:15:15] "GET /health HTTP/1.1" 200 -
2026-01-22 22:15:15,335 - werkzeug - INFO - 127.0.0.1 - - [22/Jan/2026 22:15:15] "GET /api/v1/info HTTP/1.1" 200 -
2026-01-22 22:15:15,338 - werkzeug - INFO - 127.0.0.1 - - [22/Jan/2026 22:15:15] "GET /api/v1/info HTTP/1.1" 200 -
2026-01-22 22:18:49,579 - werkzeug - INFO - 127.0.0.1 - - [22/Jan/2026 22:18:49] "OPTIONS /api/v1/digitize HTTP/1.1" 200 -
2026-01-22 22:18:49,849 - __main__ - INFO - Processing request ad8431b1-75d9-4eae-b5ba-c8a3107b3a97 for file: AF_JS01597_0.JPG
2026-01-22 22:18:49,849 - inference - INFO - [ad8431b1-75d9-4eae-b5ba-c8a3107b3a97] Preprocessing image...
2026-01-22 22:18:52,387 - inference - INFO - [ad8431b1-75d9-4eae-b5ba-c8a3107b3a97] Running inference...
2026-01-22 22:18:52,655 - inference - INFO - [ad8431b1-75d9-4eae-b5ba-c8a3107b3a97] Post-processing predictions...
2026-01-22 22:18:53,781 - inference - INFO - [ad8431b1-75d9-4eae-b5ba-c8a3107b3a97] Processing completed in 3.933s
2026-01-22 22:18:53,781 - __main__ - INFO - Successfully processed request ad8431b1-75d9-4eae-b5ba-c8a3107b3a97
2026-01-22 22:18:53,791 - werkzeug - INFO - 127.0.0.1 - - [22/Jan/2026 22:18:53] "POST /api/v1/digitize HTTP/1.1" 200 -
2026-01-22 22:19:00,690 - werkzeug - INFO - 127.0.0.1 - - [22/Jan/2026 22:19:00] "GET /health HTTP/1.1" 200 -
2026-01-22 22:19:01,003 - werkzeug - INFO - 127.0.0.1 - - [22/Jan/2026 22:19:01] "GET /health HTTP/1.1" 200 -
2026-01-22 22:19:01,008 - werkzeug - INFO - 127.0.0.1 - - [22/Jan/2026 22:19:01] "GET /api/v1/info HTTP/1.1" 200 -
2026-01-22 22:19:01,317 - werkzeug - INFO - 127.0.0.1 - - [22/Jan/2026 22:19:01] "GET /api/v1/info HTTP/1.1" 200 -
2026-01-22 22:19:05,314 - werkzeug - INFO - 127.0.0.1 - - [22/Jan/2026 22:19:05] "OPTIONS /api/v1/digitize HTTP/1.1" 200 -
2026-01-22 22:19:05,571 - __main__ - INFO - Processing request 2e48e768-41af-4b1e-be53-67983b4e7cd3 for file: AF_JS07729_0.JPG
2026-01-22 22:19:05,571 - inference - INFO - [2e48e768-41af-4b1e-be53-67983b4e7cd3] Preprocessing image...
2026-01-22 22:19:08,450 - inference - INFO - [2e48e768-41af-4b1e-be53-67983b4e7cd3] Running inference...
2026-01-22 22:19:08,748 - inference - INFO - [2e48e768-41af-4b1e-be53-67983b4e7cd3] Post-processing predictions...
2026-01-22 22:19:08,757 - inference - INFO - [2e48e768-41af-4b1e-be53-67983b4e7cd3] Processing completed in 3.186s
2026-01-22 22:19:08,758 - __main__ - INFO - Successfully processed request 2e48e768-41af-4b1e-be53-67983b4e7cd3
2026-01-22 22:19:08,767 - werkzeug - INFO - 127.0.0.1 - - [22/Jan/2026 22:19:08] "POST /api/v1/digitize HTTP/1.1" 200 -
2026-01-22 22:24:32,655 - werkzeug - INFO - 127.0.0.1 - - [22/Jan/2026 22:24:32] "GET /health HTTP/1.1" 200 -
2026-01-22 22:24:32,905 - werkzeug - INFO - 127.0.0.1 - - [22/Jan/2026 22:24:32] "GET /health HTTP/1.1" 200 -
2026-01-22 22:24:32,967 - werkzeug - INFO - 127.0.0.1 - - [22/Jan/2026 22:24:32] "GET /api/v1/info HTTP/1.1" 200 -
2026-01-22 22:24:32,970 - werkzeug - INFO - 127.0.0.1 - - [22/Jan/2026 22:24:32] "GET /api/v1/info HTTP/1.1" 200 -
2026-01-22 22:25:17,268 - werkzeug - INFO - 127.0.0.1 - - [22/Jan/2026 22:25:17] "GET /health HTTP/1.1" 200 -
2026-01-22 22:25:17,536 - werkzeug - INFO - 127.0.0.1 - - [22/Jan/2026 22:25:17] "GET /health HTTP/1.1" 200 -
2026-01-22 22:25:17,583 - werkzeug - INFO - 127.0.0.1 - - [22/Jan/2026 22:25:17] "GET /api/v1/info HTTP/1.1" 200 -
2026-01-22 22:25:17,586 - werkzeug - INFO - 127.0.0.1 - - [22/Jan/2026 22:25:17] "GET /api/v1/info HTTP/1.1" 200 -
2026-01-22 22:25:22,342 - werkzeug - INFO - 127.0.0.1 - - [22/Jan/2026 22:25:22] "OPTIONS /api/v1/digitize HTTP/1.1" 200 -
2026-01-22 22:25:22,612 - __main__ - INFO - Processing request 53b0692d-2a9f-4eb7-8a2a-7eda2a0acdc4 for file: AF_A0699_2.JPG
2026-01-22 22:25:22,614 - inference - INFO - [53b0692d-2a9f-4eb7-8a2a-7eda2a0acdc4] Preprocessing image...
2026-01-22 22:25:25,299 - inference - INFO - [53b0692d-2a9f-4eb7-8a2a-7eda2a0acdc4] Running inference...
2026-01-22 22:25:25,563 - inference - INFO - [53b0692d-2a9f-4eb7-8a2a-7eda2a0acdc4] Post-processing predictions...
2026-01-22 22:25:25,575 - inference - INFO - [53b0692d-2a9f-4eb7-8a2a-7eda2a0acdc4] Processing completed in 2.961s
2026-01-22 22:25:25,575 - __main__ - INFO - Successfully processed request 53b0692d-2a9f-4eb7-8a2a-7eda2a0acdc4
2026-01-22 22:25:25,585 - werkzeug - INFO - 127.0.0.1 - - [22/Jan/2026 22:25:25] "POST /api/v1/digitize HTTP/1.1" 200 -
2026-01-22 22:27:12,754 - werkzeug - INFO - 127.0.0.1 - - [22/Jan/2026 22:27:12] "GET /health HTTP/1.1" 200 -
2026-01-22 22:27:13,003 - werkzeug - INFO - 127.0.0.1 - - [22/Jan/2026 22:27:13] "GET /health HTTP/1.1" 200 -
2026-01-22 22:27:13,067 - werkzeug - INFO - 127.0.0.1 - - [22/Jan/2026 22:27:13] "GET /api/v1/info HTTP/1.1" 200 -
2026-01-22 22:27:13,070 - werkzeug - INFO - 127.0.0.1 - - [22/Jan/2026 22:27:13] "GET /api/v1/info HTTP/1.1" 200 -
2026-01-22 22:27:21,726 - werkzeug - INFO - 127.0.0.1 - - [22/Jan/2026 22:27:21] "OPTIONS /api/v1/digitize HTTP/1.1" 200 -
2026-01-22 22:27:22,000 - __main__ - INFO - Processing request b45e5eb1-330f-4acc-9209-7742a9fe3279 for file: AF_JS01597_0.JPG
2026-01-22 22:27:22,001 - inference - INFO - [b45e5eb1-330f-4acc-9209-7742a9fe3279] Preprocessing image...
2026-01-22 22:27:22,880 - inference - INFO - [b45e5eb1-330f-4acc-9209-7742a9fe3279] Running inference...
2026-01-22 22:27:23,180 - inference - INFO - [b45e5eb1-330f-4acc-9209-7742a9fe3279] Post-processing predictions...
2026-01-22 22:27:23,191 - inference - INFO - [b45e5eb1-330f-4acc-9209-7742a9fe3279] Processing completed in 1.189s
2026-01-22 22:27:23,191 - __main__ - INFO - Successfully processed request b45e5eb1-330f-4acc-9209-7742a9fe3279
2026-01-22 22:27:23,202 - werkzeug - INFO - 127.0.0.1 - - [22/Jan/2026 22:27:23] "POST /api/v1/digitize HTTP/1.1" 200 -
2026-01-22 22:28:24,637 - werkzeug - INFO - 127.0.0.1 - - [22/Jan/2026 22:28:24] "GET /health HTTP/1.1" 200 -
2026-01-22 22:28:24,901 - werkzeug - INFO - 127.0.0.1 - - [22/Jan/2026 22:28:24] "GET /api/v1/info HTTP/1.1" 200 -
2026-01-22 22:34:45,869 - werkzeug - INFO - 127.0.0.1 - - [22/Jan/2026 22:34:45] "GET /health HTTP/1.1" 200 -
2026-01-22 22:34:46,132 - werkzeug - INFO - 127.0.0.1 - - [22/Jan/2026 22:34:46] "GET /health HTTP/1.1" 200 -
2026-01-22 22:34:46,179 - werkzeug - INFO - 127.0.0.1 - - [22/Jan/2026 22:34:46] "GET /api/v1/info HTTP/1.1" 200 -
2026-01-22 22:34:46,182 - werkzeug - INFO - 127.0.0.1 - - [22/Jan/2026 22:34:46] "GET /api/v1/info HTTP/1.1" 200 -
2026-01-22 22:34:58,528 - werkzeug - INFO - 127.0.0.1 - - [22/Jan/2026 22:34:58] "OPTIONS /api/v1/digitize HTTP/1.1" 200 -
2026-01-22 22:34:58,811 - __main__ - INFO - Processing request a24dd8d1-8284-4d2a-b75e-14f496a41eeb for file: AF_JS01597_0.JPG
2026-01-22 22:34:58,811 - inference - INFO - [a24dd8d1-8284-4d2a-b75e-14f496a41eeb] Preprocessing image...
2026-01-22 22:34:59,588 - inference - INFO - [a24dd8d1-8284-4d2a-b75e-14f496a41eeb] Running inference...
2026-01-22 22:34:59,770 - inference - INFO - [a24dd8d1-8284-4d2a-b75e-14f496a41eeb] Post-processing predictions...
2026-01-22 22:34:59,779 - inference - INFO - [a24dd8d1-8284-4d2a-b75e-14f496a41eeb] Processing completed in 0.968s
2026-01-22 22:34:59,779 - __main__ - INFO - Successfully processed request a24dd8d1-8284-4d2a-b75e-14f496a41eeb
2026-01-22 22:34:59,789 - werkzeug - INFO - 127.0.0.1 - - [22/Jan/2026 22:34:59] "POST /api/v1/digitize HTTP/1.1" 200 -
2026-01-22 22:41:03,663 - werkzeug - INFO - 127.0.0.1 - - [22/Jan/2026 22:41:03] "GET /health HTTP/1.1" 200 -
2026-01-22 22:41:03,912 - werkzeug - INFO - 127.0.0.1 - - [22/Jan/2026 22:41:03] "GET /api/v1/info HTTP/1.1" 200 -
2026-01-22 22:42:06,646 - werkzeug - INFO - 127.0.0.1 - - [22/Jan/2026 22:42:06] "GET /health HTTP/1.1" 200 -
2026-01-22 22:42:06,910 - werkzeug - INFO - 127.0.0.1 - - [22/Jan/2026 22:42:06] "GET /api/v1/info HTTP/1.1" 200 -
2026-01-22 22:42:30,335 - werkzeug - INFO - 127.0.0.1 - - [22/Jan/2026 22:42:30] "GET /health HTTP/1.1" 200 -
2026-01-22 22:42:30,656 - werkzeug - INFO - 127.0.0.1 - - [22/Jan/2026 22:42:30] "GET /api/v1/info HTTP/1.1" 200 -
2026-01-22 22:42:34,828 - werkzeug - INFO - 127.0.0.1 - - [22/Jan/2026 22:42:34] "GET /health HTTP/1.1" 200 -
2026-01-22 22:42:35,140 - werkzeug - INFO - 127.0.0.1 - - [22/Jan/2026 22:42:35] "GET /health HTTP/1.1" 200 -
2026-01-22 22:42:35,142 - werkzeug - INFO - 127.0.0.1 - - [22/Jan/2026 22:42:35] "GET /api/v1/info HTTP/1.1" 200 -
2026-01-22 22:42:35,454 - werkzeug - INFO - 127.0.0.1 - - [22/Jan/2026 22:42:35] "GET /api/v1/info HTTP/1.1" 200 -
2026-01-22 22:42:39,624 - werkzeug - INFO - 127.0.0.1 - - [22/Jan/2026 22:42:39] "OPTIONS /api/v1/digitize HTTP/1.1" 200 -
2026-01-22 22:42:39,949 - __main__ - INFO - Processing request 9371d5d5-7c1b-40d0-8c41-23cf34636ecd for file: AF_A6588_0.JPG
2026-01-22 22:42:39,950 - inference - INFO - [9371d5d5-7c1b-40d0-8c41-23cf34636ecd] Preprocessing image...
2026-01-22 22:42:40,735 - inference - INFO - [9371d5d5-7c1b-40d0-8c41-23cf34636ecd] Running inference...
2026-01-22 22:42:40,914 - inference - INFO - [9371d5d5-7c1b-40d0-8c41-23cf34636ecd] Post-processing predictions...
2026-01-22 22:42:40,923 - inference - INFO - [9371d5d5-7c1b-40d0-8c41-23cf34636ecd] Processing completed in 0.973s
2026-01-22 22:42:40,924 - __main__ - INFO - Successfully processed request 9371d5d5-7c1b-40d0-8c41-23cf34636ecd
2026-01-22 22:42:40,933 - werkzeug - INFO - 127.0.0.1 - - [22/Jan/2026 22:42:40] "POST /api/v1/digitize HTTP/1.1" 200 -
2026-01-22 22:42:55,351 - werkzeug - INFO - 127.0.0.1 - - [22/Jan/2026 22:42:55] "OPTIONS /api/v1/digitize HTTP/1.1" 200 -
2026-01-22 22:42:55,673 - __main__ - INFO - Processing request 46d222ed-a47a-4047-b034-5f9ad71cd4a3 for file: SNT_JS44483_0.JPG
2026-01-22 22:42:55,674 - inference - INFO - [46d222ed-a47a-4047-b034-5f9ad71cd4a3] Preprocessing image...
2026-01-22 22:42:56,489 - inference - INFO - [46d222ed-a47a-4047-b034-5f9ad71cd4a3] Running inference...
2026-01-22 22:42:56,666 - inference - INFO - [46d222ed-a47a-4047-b034-5f9ad71cd4a3] Post-processing predictions...
2026-01-22 22:42:56,675 - inference - INFO - [46d222ed-a47a-4047-b034-5f9ad71cd4a3] Processing completed in 1.001s
2026-01-22 22:42:56,675 - __main__ - INFO - Successfully processed request 46d222ed-a47a-4047-b034-5f9ad71cd4a3
2026-01-22 22:42:56,685 - werkzeug - INFO - 127.0.0.1 - - [22/Jan/2026 22:42:56] "POST /api/v1/digitize HTTP/1.1" 200 -
2026-01-22 22:43:32,403 - werkzeug - INFO - 127.0.0.1 - - [22/Jan/2026 22:43:32] "OPTIONS /api/v1/digitize HTTP/1.1" 200 -
2026-01-22 22:43:32,722 - __main__ - INFO - Processing request 5760baf6-67b6-4918-a91b-01cdb493a2d4 for file: AF_JS01597_0.JPG
2026-01-22 22:43:32,722 - inference - INFO - [5760baf6-67b6-4918-a91b-01cdb493a2d4] Preprocessing image...
2026-01-22 22:43:34,605 - inference - INFO - [5760baf6-67b6-4918-a91b-01cdb493a2d4] Running inference...
2026-01-22 22:43:34,777 - inference - INFO - [5760baf6-67b6-4918-a91b-01cdb493a2d4] Post-processing predictions...
2026-01-22 22:43:34,786 - inference - INFO - [5760baf6-67b6-4918-a91b-01cdb493a2d4] Processing completed in 2.064s
2026-01-22 22:43:34,786 - __main__ - INFO - Successfully processed request 5760baf6-67b6-4918-a91b-01cdb493a2d4
2026-01-22 22:43:34,796 - werkzeug - INFO - 127.0.0.1 - - [22/Jan/2026 22:43:34] "POST /api/v1/digitize HTTP/1.1" 200 -
2026-01-22 22:43:52,718 - werkzeug - INFO - 127.0.0.1 - - [22/Jan/2026 22:43:52] "OPTIONS /api/v1/digitize HTTP/1.1" 200 -
2026-01-22 22:43:53,046 - __main__ - INFO - Processing request b1886a55-2f65-42b2-88ec-c321b3fdebdc for file: SNB_JS33196_0.JPG
2026-01-22 22:43:53,046 - inference - INFO - [b1886a55-2f65-42b2-88ec-c321b3fdebdc] Preprocessing image...
2026-01-22 22:43:54,835 - inference - INFO - [b1886a55-2f65-42b2-88ec-c321b3fdebdc] Running inference...
2026-01-22 22:43:55,015 - inference - INFO - [b1886a55-2f65-42b2-88ec-c321b3fdebdc] Post-processing predictions...
2026-01-22 22:43:55,023 - inference - INFO - [b1886a55-2f65-42b2-88ec-c321b3fdebdc] Processing completed in 1.977s
2026-01-22 22:43:55,024 - __main__ - INFO - Successfully processed request b1886a55-2f65-42b2-88ec-c321b3fdebdc
2026-01-22 22:43:55,034 - werkzeug - INFO - 127.0.0.1 - - [22/Jan/2026 22:43:55] "POST /api/v1/digitize HTTP/1.1" 200 -
2026-01-22 23:43:19,667 - model_loader - INFO - ModelManager initialized with device: cpu
2026-01-22 23:43:19,668 - __main__ - INFO - Starting ECG Digitization Service...
2026-01-22 23:43:19,668 - __main__ - INFO - Model path: C:\Users\aayus\Desktop\MP\checkpoints\best_model.pth
2026-01-22 23:43:19,668 - __main__ - INFO - Upload folder: uploads
2026-01-22 23:43:19,670 - model_loader - INFO - Loading model from: C:\Users\aayus\Desktop\MP\checkpoints\best_model.pth
2026-01-22 23:43:19,799 - model_loader - WARNING - Failed to load with weights_only=False, trying pickle_module workaround: Can't get attribute 'ECGDigitizationConfig' on <module '__main__' from 'C:\\Users\\aayus\\Desktop\\MP\\flask_backend\\app.py'>
2026-01-22 23:43:19,920 - model_loader - INFO - Model loaded successfully
2026-01-22 23:43:19,920 - model_loader - INFO - Model metadata: {'epoch': 17, 'val_loss': 0.2660639941692352, 'train_loss': 0.27130124624818563}
2026-01-22 23:43:19,938 - __main__ - INFO - Model loaded successfully
2026-01-22 23:43:19,970 - werkzeug - INFO - [31m[1mWARNING: This is a development server. Do not use it in a production deployment. Use a production WSGI server instead.[0m
 * Running on all addresses (0.0.0.0)
 * Running on http://127.0.0.1:5000
 * Running on http://10.3.43.46:5000
2026-01-22 23:43:19,970 - werkzeug - INFO - [33mPress CTRL+C to quit[0m
2026-01-22 23:44:52,102 - model_loader - INFO - ModelManager initialized with device: cpu
2026-01-22 23:44:52,103 - __main__ - INFO - Starting ECG Digitization Service...
2026-01-22 23:44:52,103 - __main__ - INFO - Model path: C:\Users\aayus\Desktop\MP\checkpoints\best_model.pth
2026-01-22 23:44:52,103 - __main__ - INFO - Upload folder: uploads
2026-01-22 23:44:52,103 - model_loader - INFO - Loading model from: C:\Users\aayus\Desktop\MP\checkpoints\best_model.pth
2026-01-22 23:44:52,219 - model_loader - INFO - Model loaded successfully
2026-01-22 23:44:52,219 - model_loader - INFO - Model metadata: {'epoch': 17, 'val_loss': 0.2660639941692352, 'train_loss': 0.27130124624818563}
2026-01-22 23:44:52,229 - __main__ - INFO - Model loaded successfully
2026-01-22 23:44:52,248 - werkzeug - INFO - [31m[1mWARNING: This is a development server. Do not use it in a production deployment. Use a production WSGI server instead.[0m
 * Running on all addresses (0.0.0.0)
 * Running on http://127.0.0.1:5000
 * Running on http://10.3.43.46:5000
2026-01-22 23:44:52,249 - werkzeug - INFO - [33mPress CTRL+C to quit[0m
2026-01-22 23:45:59,876 - werkzeug - INFO - 127.0.0.1 - - [22/Jan/2026 23:45:59] "GET /health HTTP/1.1" 200 -
2026-01-22 23:46:00,142 - werkzeug - INFO - 127.0.0.1 - - [22/Jan/2026 23:46:00] "GET /health HTTP/1.1" 200 -
2026-01-22 23:46:00,190 - werkzeug - INFO - 127.0.0.1 - - [22/Jan/2026 23:46:00] "GET /api/v1/info HTTP/1.1" 200 -
2026-01-22 23:46:00,192 - werkzeug - INFO - 127.0.0.1 - - [22/Jan/2026 23:46:00] "GET /api/v1/info HTTP/1.1" 200 -
2026-01-22 23:46:08,194 - werkzeug - INFO - 127.0.0.1 - - [22/Jan/2026 23:46:08] "OPTIONS /api/v1/digitize HTTP/1.1" 200 -
2026-01-22 23:46:08,466 - __main__ - INFO - Processing request bb4b6d0d-b3bb-4fce-90ec-0ca3a3942d60 for file: AF_A0442_0.JPG
2026-01-22 23:46:08,466 - inference - INFO - [bb4b6d0d-b3bb-4fce-90ec-0ca3a3942d60] Preprocessing image...
2026-01-22 23:46:08,557 - inference - INFO - [bb4b6d0d-b3bb-4fce-90ec-0ca3a3942d60] Running inference...
2026-01-22 23:46:08,753 - inference - INFO - [bb4b6d0d-b3bb-4fce-90ec-0ca3a3942d60] Post-processing predictions...
2026-01-22 23:46:15,044 - inference - INFO - [bb4b6d0d-b3bb-4fce-90ec-0ca3a3942d60] Processing completed in 6.578s
2026-01-22 23:46:15,044 - __main__ - INFO - Successfully processed request bb4b6d0d-b3bb-4fce-90ec-0ca3a3942d60
2026-01-22 23:46:15,052 - werkzeug - INFO - 127.0.0.1 - - [22/Jan/2026 23:46:15] "POST /api/v1/digitize HTTP/1.1" 200 -
2026-01-22 23:50:05,582 - model_loader - INFO - ModelManager initialized with device: cpu
2026-01-22 23:50:05,583 - __main__ - INFO - Starting ECG Digitization Service...
2026-01-22 23:50:05,583 - __main__ - INFO - Model path: C:\Users\aayus\Desktop\MP\checkpoints\best_model.pth
2026-01-22 23:50:05,583 - __main__ - INFO - Upload folder: uploads
2026-01-22 23:50:05,583 - model_loader - INFO - Loading model from: C:\Users\aayus\Desktop\MP\checkpoints\best_model.pth
2026-01-22 23:50:05,684 - model_loader - INFO - Model loaded successfully
2026-01-22 23:50:05,685 - model_loader - INFO - Model metadata: {'epoch': 17, 'val_loss': 0.2660639941692352, 'train_loss': 0.27130124624818563}
2026-01-22 23:50:05,690 - __main__ - INFO - Model loaded successfully
2026-01-22 23:50:05,709 - werkzeug - INFO - [31m[1mWARNING: This is a development server. Do not use it in a production deployment. Use a production WSGI server instead.[0m
 * Running on all addresses (0.0.0.0)
 * Running on http://127.0.0.1:5000
 * Running on http://10.3.43.46:5000
2026-01-22 23:50:05,710 - werkzeug - INFO - [33mPress CTRL+C to quit[0m
2026-01-22 23:51:05,737 - werkzeug - INFO - 127.0.0.1 - - [22/Jan/2026 23:51:05] "GET /health HTTP/1.1" 200 -
2026-01-22 23:51:06,001 - werkzeug - INFO - 127.0.0.1 - - [22/Jan/2026 23:51:06] "GET /health HTTP/1.1" 200 -
2026-01-22 23:51:06,047 - werkzeug - INFO - 127.0.0.1 - - [22/Jan/2026 23:51:06] "GET /api/v1/info HTTP/1.1" 200 -
2026-01-22 23:51:06,048 - werkzeug - INFO - 127.0.0.1 - - [22/Jan/2026 23:51:06] "GET /api/v1/info HTTP/1.1" 200 -
2026-01-22 23:51:10,803 - werkzeug - INFO - 127.0.0.1 - - [22/Jan/2026 23:51:10] "OPTIONS /api/v1/digitize HTTP/1.1" 200 -
2026-01-22 23:51:11,072 - __main__ - INFO - Processing request cb9696f5-69d4-485d-a274-26d719582077 for file: AF_JS01597_0.JPG
2026-01-22 23:51:11,072 - inference - INFO - [cb9696f5-69d4-485d-a274-26d719582077] Preprocessing image...
2026-01-22 23:51:11,162 - inference - INFO - [cb9696f5-69d4-485d-a274-26d719582077] Running inference...
2026-01-22 23:51:11,360 - inference - INFO - [cb9696f5-69d4-485d-a274-26d719582077] Post-processing predictions...
2026-01-22 23:51:12,182 - inference - INFO - [cb9696f5-69d4-485d-a274-26d719582077] Processing completed in 1.109s
2026-01-22 23:51:12,182 - __main__ - INFO - Successfully processed request cb9696f5-69d4-485d-a274-26d719582077
2026-01-22 23:51:12,193 - werkzeug - INFO - 127.0.0.1 - - [22/Jan/2026 23:51:12] "POST /api/v1/digitize HTTP/1.1" 200 -
2026-01-23 00:11:38,022 - model_loader - INFO - ModelManager initialized with device: cpu
2026-01-23 00:11:38,023 - __main__ - INFO - Starting ECG Digitization Service...
2026-01-23 00:11:38,023 - __main__ - INFO - Model path: C:\Users\aayus\Desktop\MP\checkpoints\best_model.pth
2026-01-23 00:11:38,023 - __main__ - INFO - Upload folder: uploads
2026-01-23 00:11:38,023 - model_loader - INFO - Loading model from: C:\Users\aayus\Desktop\MP\checkpoints\best_model.pth
2026-01-23 00:11:38,144 - model_loader - INFO - Model loaded successfully
2026-01-23 00:11:38,144 - model_loader - INFO - Model metadata: {'epoch': 5, 'val_loss': 0.2430158883333206, 'train_loss': 0.24508885201066732}
2026-01-23 00:11:38,149 - __main__ - INFO - Model loaded successfully
2026-01-23 00:11:38,167 - werkzeug - INFO - [31m[1mWARNING: This is a development server. Do not use it in a production deployment. Use a production WSGI server instead.[0m
 * Running on all addresses (0.0.0.0)
 * Running on http://127.0.0.1:5000
 * Running on http://10.3.43.46:5000
2026-01-23 00:11:38,167 - werkzeug - INFO - [33mPress CTRL+C to quit[0m
2026-01-23 00:11:51,274 - werkzeug - INFO - 127.0.0.1 - - [23/Jan/2026 00:11:51] "GET /health HTTP/1.1" 200 -
2026-01-23 00:11:51,541 - werkzeug - INFO - 127.0.0.1 - - [23/Jan/2026 00:11:51] "GET /health HTTP/1.1" 200 -
2026-01-23 00:11:51,588 - werkzeug - INFO - 127.0.0.1 - - [23/Jan/2026 00:11:51] "GET /api/v1/info HTTP/1.1" 200 -
2026-01-23 00:11:51,589 - werkzeug - INFO - 127.0.0.1 - - [23/Jan/2026 00:11:51] "GET /api/v1/info HTTP/1.1" 200 -
2026-01-23 00:11:59,213 - werkzeug - INFO - 127.0.0.1 - - [23/Jan/2026 00:11:59] "OPTIONS /api/v1/digitize HTTP/1.1" 200 -
2026-01-23 00:11:59,490 - __main__ - INFO - Processing request a53f561b-817c-4321-a1f0-b10229323590 for file: AF_JS01597_0.JPG
2026-01-23 00:11:59,490 - inference - INFO - [a53f561b-817c-4321-a1f0-b10229323590] Preprocessing image...
2026-01-23 00:11:59,581 - inference - INFO - [a53f561b-817c-4321-a1f0-b10229323590] Running inference...
2026-01-23 00:11:59,780 - inference - INFO - [a53f561b-817c-4321-a1f0-b10229323590] Post-processing predictions...
2026-01-23 00:12:00,607 - inference - INFO - [a53f561b-817c-4321-a1f0-b10229323590] Processing completed in 1.117s
2026-01-23 00:12:00,608 - __main__ - INFO - Successfully processed request a53f561b-817c-4321-a1f0-b10229323590
2026-01-23 00:12:00,615 - werkzeug - INFO - 127.0.0.1 - - [23/Jan/2026 00:12:00] "POST /api/v1/digitize HTTP/1.1" 200 -
2026-01-23 00:13:39,789 - model_loader - INFO - ModelManager initialized with device: cpu
2026-01-23 00:13:39,790 - __main__ - INFO - Starting ECG Digitization Service...
2026-01-23 00:13:39,790 - __main__ - INFO - Model path: C:\Users\aayus\Desktop\MP\checkpoints\best_model.pth
2026-01-23 00:13:39,790 - __main__ - INFO - Upload folder: uploads
2026-01-23 00:13:39,790 - model_loader - INFO - Loading model from: C:\Users\aayus\Desktop\MP\checkpoints\best_model.pth
2026-01-23 00:13:39,894 - model_loader - INFO - Model loaded successfully
2026-01-23 00:13:39,894 - model_loader - INFO - Model metadata: {'epoch': 5, 'val_loss': 0.2430158883333206, 'train_loss': 0.24508885201066732}
2026-01-23 00:13:39,898 - __main__ - INFO - Model loaded successfully
2026-01-23 00:13:39,916 - werkzeug - INFO - [31m[1mWARNING: This is a development server. Do not use it in a production deployment. Use a production WSGI server instead.[0m
 * Running on all addresses (0.0.0.0)
 * Running on http://127.0.0.1:5000
 * Running on http://10.3.43.46:5000
2026-01-23 00:13:39,917 - werkzeug - INFO - [33mPress CTRL+C to quit[0m
2026-01-23 00:30:09,640 - model_loader - INFO - ModelManager initialized with device: cpu
2026-01-23 00:30:09,640 - __main__ - INFO - Starting ECG Digitization Service...
2026-01-23 00:30:09,641 - __main__ - INFO - Model path: C:\Users\aayus\Desktop\MP\checkpoints\best_model.pth
2026-01-23 00:30:09,641 - __main__ - INFO - Upload folder: uploads
2026-01-23 00:30:09,641 - model_loader - INFO - Loading model from: C:\Users\aayus\Desktop\MP\checkpoints\best_model.pth
2026-01-23 00:30:09,784 - model_loader - INFO - Model loaded successfully
2026-01-23 00:30:09,784 - model_loader - INFO - Model metadata: {'epoch': 5, 'val_loss': 0.2430158883333206, 'train_loss': 0.24508885201066732}
2026-01-23 00:30:09,796 - __main__ - INFO - Model loaded successfully
2026-01-23 00:30:09,820 - werkzeug - INFO - [31m[1mWARNING: This is a development server. Do not use it in a production deployment. Use a production WSGI server instead.[0m
 * Running on all addresses (0.0.0.0)
 * Running on http://127.0.0.1:5000
 * Running on http://10.3.43.46:5000
2026-01-23 00:30:09,820 - werkzeug - INFO - [33mPress CTRL+C to quit[0m
2026-01-23 00:30:11,817 - werkzeug - INFO - 127.0.0.1 - - [23/Jan/2026 00:30:11] "GET /health HTTP/1.1" 200 -
2026-01-23 00:30:12,081 - werkzeug - INFO - 127.0.0.1 - - [23/Jan/2026 00:30:12] "GET /health HTTP/1.1" 200 -
2026-01-23 00:30:12,127 - werkzeug - INFO - 127.0.0.1 - - [23/Jan/2026 00:30:12] "GET /api/v1/info HTTP/1.1" 200 -
2026-01-23 00:30:12,130 - werkzeug - INFO - 127.0.0.1 - - [23/Jan/2026 00:30:12] "GET /api/v1/info HTTP/1.1" 200 -
2026-01-23 00:30:17,684 - werkzeug - INFO - 127.0.0.1 - - [23/Jan/2026 00:30:17] "OPTIONS /api/v1/digitize HTTP/1.1" 200 -
2026-01-23 00:30:17,943 - __main__ - INFO - Processing request d95a5639-98c3-4790-9fb6-702569689a28 for file: AF_JS01597_0.JPG
2026-01-23 00:30:17,944 - inference - INFO - [d95a5639-98c3-4790-9fb6-702569689a28] Preprocessing image...
2026-01-23 00:30:18,037 - inference - INFO - [d95a5639-98c3-4790-9fb6-702569689a28] Running inference...
2026-01-23 00:30:18,231 - inference - INFO - [d95a5639-98c3-4790-9fb6-702569689a28] Post-processing predictions...
2026-01-23 00:30:19,072 - inference - INFO - [d95a5639-98c3-4790-9fb6-702569689a28] Processing completed in 1.129s
2026-01-23 00:30:19,072 - __main__ - INFO - Successfully processed request d95a5639-98c3-4790-9fb6-702569689a28
2026-01-23 00:30:19,082 - werkzeug - INFO - 127.0.0.1 - - [23/Jan/2026 00:30:19] "POST /api/v1/digitize HTTP/1.1" 200 -
